┌──────────────────────────────────────┐
│          Evaluation Results          │
├───────────────┬──────────┬───────────┤
│ Check         │ Status   │ Message   │
├───────────────┼──────────┼───────────┤
│ OSPS-BR-05    │   PASS   │ all good  │
├───────────────┼──────────┼───────────┤
│ OSPS-DO-02    │   FAIL   │ review    │
│               │          │ deps      │
└───────────────┴──────────┴───────────┘
